Archive member included to satisfy reference by file (symbol)

/opt/st/stm32cubeide_1.15.0/plugins/com.st.stm32cube.ide.mcu.externaltools.gnu-tools-for-stm32.12.3.rel1.linux64_1.0.100.202403111256/tools/bin/../lib/gcc/arm-none-eabi/12.3.1/../../../../arm-none-eabi/lib/thumb/v7e-m+fp/hard/libc_nano.a(libc_a-exit.o)
                              /opt/st/stm32cubeide_1.15.0/plugins/com.st.stm32cube.ide.mcu.externaltools.gnu-tools-for-stm32.12.3.rel1.linux64_1.0.100.202403111256/tools/bin/../lib/gcc/arm-none-eabi/12.3.1/../../../../arm-none-eabi/lib/thumb/v7e-m+fp/hard/crt0.o (exit)
/opt/st/stm32cubeide_1.15.0/plugins/com.st.stm32cube.ide.mcu.externaltools.gnu-tools-for-stm32.12.3.rel1.linux64_1.0.100.202403111256/tools/bin/../lib/gcc/arm-none-eabi/12.3.1/../../../../arm-none-eabi/lib/thumb/v7e-m+fp/hard/libc_nano.a(libc_a-findfp.o)
                              ./ThirdParty/FreeRTOS/tasks.o (__sf)
/opt/st/stm32cubeide_1.15.0/plugins/com.st.stm32cube.ide.mcu.externaltools.gnu-tools-for-stm32.12.3.rel1.linux64_1.0.100.202403111256/tools/bin/../lib/gcc/arm-none-eabi/12.3.1/../../../../arm-none-eabi/lib/thumb/v7e-m+fp/hard/libc_nano.a(libc_a-fwalk.o)
                              /opt/st/stm32cubeide_1.15.0/plugins/com.st.stm32cube.ide.mcu.externaltools.gnu-tools-for-stm32.12.3.rel1.linux64_1.0.100.202403111256/tools/bin/../lib/gcc/arm-none-eabi/12.3.1/../../../../arm-none-eabi/lib/thumb/v7e-m+fp/hard/libc_nano.a(libc_a-findfp.o) (_fwalk_sglue)
/opt/st/stm32cubeide_1.15.0/plugins/com.st.stm32cube.ide.mcu.externaltools.gnu-tools-for-stm32.12.3.rel1.linux64_1.0.100.202403111256/tools/bin/../lib/gcc/arm-none-eabi/12.3.1/../../../../arm-none-eabi/lib/thumb/v7e-m+fp/hard/libc_nano.a(libc_a-stdio.o)
                              /opt/st/stm32cubeide_1.15.0/plugins/com.st.stm32cube.ide.mcu.externaltools.gnu-tools-for-stm32.12.3.rel1.linux64_1.0.100.202403111256/tools/bin/../lib/gcc/arm-none-eabi/12.3.1/../../../../arm-none-eabi/lib/thumb/v7e-m+fp/hard/libc_nano.a(libc_a-findfp.o) (__sread)
/opt/st/stm32cubeide_1.15.0/plugins/com.st.stm32cube.ide.mcu.externaltools.gnu-tools-for-stm32.12.3.rel1.linux64_1.0.100.202403111256/tools/bin/../lib/gcc/arm-none-eabi/12.3.1/../../../../arm-none-eabi/lib/thumb/v7e-m+fp/hard/libc_nano.a(libc_a-memset.o)
                              /opt/st/stm32cubeide_1.15.0/plugins/com.st.stm32cube.ide.mcu.externaltools.gnu-tools-for-stm32.12.3.rel1.linux64_1.0.100.202403111256/tools/bin/../lib/gcc/arm-none-eabi/12.3.1/../../../../arm-none-eabi/lib/thumb/v7e-m+fp/hard/crt0.o (memset)
/opt/st/stm32cubeide_1.15.0/plugins/com.st.stm32cube.ide.mcu.externaltools.gnu-tools-for-stm32.12.3.rel1.linux64_1.0.100.202403111256/tools/bin/../lib/gcc/arm-none-eabi/12.3.1/../../../../arm-none-eabi/lib/thumb/v7e-m+fp/hard/libc_nano.a(libc_a-closer.o)
                              /opt/st/stm32cubeide_1.15.0/plugins/com.st.stm32cube.ide.mcu.externaltools.gnu-tools-for-stm32.12.3.rel1.linux64_1.0.100.202403111256/tools/bin/../lib/gcc/arm-none-eabi/12.3.1/../../../../arm-none-eabi/lib/thumb/v7e-m+fp/hard/libc_nano.a(libc_a-stdio.o) (_close_r)
/opt/st/stm32cubeide_1.15.0/plugins/com.st.stm32cube.ide.mcu.externaltools.gnu-tools-for-stm32.12.3.rel1.linux64_1.0.100.202403111256/tools/bin/../lib/gcc/arm-none-eabi/12.3.1/../../../../arm-none-eabi/lib/thumb/v7e-m+fp/hard/libc_nano.a(libc_a-reent.o)
                              ./ThirdParty/FreeRTOS/tasks.o (_reclaim_reent)
/opt/st/stm32cubeide_1.15.0/plugins/com.st.stm32cube.ide.mcu.externaltools.gnu-tools-for-stm32.12.3.rel1.linux64_1.0.100.202403111256/tools/bin/../lib/gcc/arm-none-eabi/12.3.1/../../../../arm-none-eabi/lib/thumb/v7e-m+fp/hard/libc_nano.a(libc_a-impure.o)
                              ./ThirdParty/FreeRTOS/tasks.o (_impure_ptr)
/opt/st/stm32cubeide_1.15.0/plugins/com.st.stm32cube.ide.mcu.externaltools.gnu-tools-for-stm32.12.3.rel1.linux64_1.0.100.202403111256/tools/bin/../lib/gcc/arm-none-eabi/12.3.1/../../../../arm-none-eabi/lib/thumb/v7e-m+fp/hard/libc_nano.a(libc_a-lseekr.o)
                              /opt/st/stm32cubeide_1.15.0/plugins/com.st.stm32cube.ide.mcu.externaltools.gnu-tools-for-stm32.12.3.rel1.linux64_1.0.100.202403111256/tools/bin/../lib/gcc/arm-none-eabi/12.3.1/../../../../arm-none-eabi/lib/thumb/v7e-m+fp/hard/libc_nano.a(libc_a-stdio.o) (_lseek_r)
/opt/st/stm32cubeide_1.15.0/plugins/com.st.stm32cube.ide.mcu.externaltools.gnu-tools-for-stm32.12.3.rel1.linux64_1.0.100.202403111256/tools/bin/../lib/gcc/arm-none-eabi/12.3.1/../../../../arm-none-eabi/lib/thumb/v7e-m+fp/hard/libc_nano.a(libc_a-readr.o)
                              /opt/st/stm32cubeide_1.15.0/plugins/com.st.stm32cube.ide.mcu.externaltools.gnu-tools-for-stm32.12.3.rel1.linux64_1.0.100.202403111256/tools/bin/../lib/gcc/arm-none-eabi/12.3.1/../../../../arm-none-eabi/lib/thumb/v7e-m+fp/hard/libc_nano.a(libc_a-stdio.o) (_read_r)
[...]
Memory Configuration

Name             Origin             Length             Attributes
CCMRAM           0x10000000         0x00010000         xrw
RAM              0x20000000         0x00020000         xrw
FLASH            0x08000000         0x00100000         xr
*default*        0x00000000         0xffffffff

Linker script and memory map

LOAD /opt/st/stm32cubeide_1.15.0/plugins/com.st.stm32cube.ide.mcu.externaltools.gnu-tools-for-stm32.12.3.rel1.linux64_1.0.100.202403111256/tools/bin/../lib/gcc/arm-none-eabi/12.3.1/thumb/v7e-m+fp/hard/crti.o
LOAD /opt/st/stm32cubeide_1.15.0/plugins/com.st.stm32cube.ide.mcu.externaltools.gnu-tools-for-stm32.12.3.rel1.linux64_1.0.100.202403111256/tools/bin/../lib/gcc/arm-none-eabi/12.3.1/thumb/v7e-m+fp/hard/crtbegin.o
LOAD /opt/st/stm32cubeide_1.15.0/plugins/com.st.stm32cube.ide.mcu.externaltools.gnu-tools-for-stm32.12.3.rel1.linux64_1.0.100.202403111256/tools/bin/../lib/gcc/arm-none-eabi/12.3.1/../../../../arm-none-eabi/lib/thumb/v7e-m+fp/hard/crt0.o
LOAD ./Src/itm.o
LOAD ./Src/led.o
LOAD ./Src/main.o
LOAD ./Src/syscalls.o
LOAD ./Src/sysmem.o
LOAD ./Src/system_stm32f4xx.o
LOAD ./Startup/startup_stm32f407vgtx.o
LOAD ./ThirdParty/FreeRTOS/croutine.o
LOAD ./ThirdParty/FreeRTOS/event_groups.o
LOAD ./ThirdParty/FreeRTOS/list.o
LOAD ./ThirdParty/FreeRTOS/queue.o
LOAD ./ThirdParty/FreeRTOS/stream_buffer.o
LOAD ./ThirdParty/FreeRTOS/tasks.o
LOAD ./ThirdParty/FreeRTOS/timers.o
LOAD ./ThirdParty/FreeRTOS/portable/GCC/ARM_CM4F/port.o
LOAD ./ThirdParty/FreeRTOS/portable/MemMang/heap_4.o
START GROUP
LOAD /opt/st/stm32cubeide_1.15.0/plugins/com.st.stm32cube.ide.mcu.externaltools.gnu-tools-for-stm32.12.3.rel1.linux64_1.0.100.202403111256/tools/bin/../lib/gcc/arm-none-eabi/12.3.1/../../../../arm-none-eabi/lib/thumb/v7e-m+fp/hard/libc_nano.a
LOAD /opt/st/stm32cubeide_1.15.0/plugins/com.st.stm32cube.ide.mcu.externaltools.gnu-tools-for-stm32.12.3.rel1.linux64_1.0.100.202403111256/tools/bin/../lib/gcc/arm-none-eabi/12.3.1/../../../../arm-none-eabi/lib/thumb/v7e-m+fp/hard/libm.a
END GROUP
START GROUP
LOAD /opt/st/stm32cubeide_1.15.0/plugins/com.st.stm32cube.ide.mcu.externaltools.gnu-tools-for-stm32.12.3.rel1.linux64_1.0.100.202403111256/tools/bin/../lib/gcc/arm-none-eabi/12.3.1/thumb/v7e-m+fp/hard/libgcc.a
LOAD /opt/st/stm32cubeide_1.15.0/plugins/com.st.stm32cube.ide.mcu.externaltools.gnu-tools-for-stm32.12.3.rel1.linux64_1.0.100.202403111256/tools/bin/../lib/gcc/arm-none-eabi/12.3.1/../../../../arm-none-eabi/lib/thumb/v7e-m+fp/hard/libc_nano.a
END GROUP
START GROUP
LOAD /opt/st/stm32cubeide_1.15.0/plugins/com.st.stm32cube.ide.mcu.externaltools.gnu-tools-for-stm32.12.3.rel1.linux64_1.0.100.202403111256/tools/bin/../lib/gcc/arm-none-eabi/12.3.1/thumb/v7e-m+fp/hard/libgcc.a
LOAD /opt/st/stm32cubeide_1.15.0/plugins/com.st.stm32cube.ide.mcu.externaltools.gnu-tools-for-stm32.12.3.rel1.linux64_1.0.100.202403111256/tools/bin/../lib/gcc/arm-none-eabi/12.3.1/../../../../arm-none-eabi/lib/thumb/v7e-m+fp/hard/libc_nano.a
LOAD /opt/st/stm32cubeide_1.15.0/plugins/com.st.stm32cube.ide.mcu.externaltools.gnu-tools-for-stm32.12.3.rel1.linux64_1.0.100.202403111256/tools/bin/../lib/gcc/arm-none-eabi/12.3.1/../../../../arm-none-eabi/lib/thumb/v7e-m+fp/hard/libnosys.a
END GROUP
START GROUP
LOAD /opt/st/stm32cubeide_1.15.0/plugins/com.st.stm32cube.ide.mcu.externaltools.gnu-tools-for-stm32.12.3.rel1.linux64_1.0.100.202403111256/tools/bin/../lib/gcc/arm-none-eabi/12.3.1/thumb/v7e-m+fp/hard/libgcc.a
LOAD /opt/st/stm32cubeide_1.15.0/plugins/com.st.stm32cube.ide.mcu.externaltools.gnu-tools-for-stm32.12.3.rel1.linux64_1.0.100.202403111256/tools/bin/../lib/gcc/arm-none-eabi/12.3.1/../../../../arm-none-eabi/lib/thumb/v7e-m+fp/hard/libc_nano.a
LOAD /opt/st/stm32cubeide_1.15.0/plugins/com.st.stm32cube.ide.mcu.externaltools.gnu-tools-for-stm32.12.3.rel1.linux64_1.0.100.202403111256/tools/bin/../lib/gcc/arm-none-eabi/12.3.1/../../../../arm-none-eabi/lib/thumb/v7e-m+fp/hard/libnosys.a
END GROUP
LOAD /opt/st/stm32cubeide_1.15.0/plugins/com.st.stm32cube.ide.mcu.externaltools.gnu-tools-for-stm32.12.3.rel1.linux64_1.0.100.202403111256/tools/bin/../lib/gcc/arm-none-eabi/12.3.1/thumb/v7e-m+fp/hard/crtend.o
LOAD /opt/st/stm32cubeide_1.15.0/plugins/com.st.stm32cube.ide.mcu.externaltools.gnu-tools-for-stm32.12.3.rel1.linux64_1.0.100.202403111256/tools/bin/../lib/gcc/arm-none-eabi/12.3.1/thumb/v7e-m+fp/hard/crtn.o
                0x20020000                        _estack = (ORIGIN (RAM) + LENGTH (RAM))
                0x00000200                        _Min_Heap_Size = 0x200
                0x00000400                        _Min_Stack_Size = 0x400

.isr_vector     0x08000000      0x188
                0x08000000                        . = ALIGN (0x4)
 *(.isr_vector)
 .isr_vector    0x08000000      0x188 ./Startup/startup_stm32f407vgtx.o
                0x08000000                g_pfnVectors
                0x08000188                        . = ALIGN (0x4)

.text           0x08000190     0x1834
                0x08000190                        . = ALIGN (0x4)
 *(.text)
 .text          0x08000190       0x40 /opt/st/stm32cubeide_1.15.0/plugins/com.st.stm32cube.ide.mcu.externaltools.gnu-tools-for-stm32.12.3.rel1.linux64_1.0.100.202403111256/tools/bin/../lib/gcc/arm-none-eabi/12.3.1/thumb/v7e-m+fp/hard/crtbegin.o
 *(.text*)
 .text.LedInit  0x080001d0       0xb8 ./Src/led.o
                0x080001d0                LedInit
 .text.led_on   0x08000288       0x2c ./Src/led.o
                0x08000288                led_on
 .text.led_off  0x080002b4       0x30 ./Src/led.o
                0x080002b4                led_off
 .text.vLEDAperiodicTask1
                0x080002e4       0x28 ./Src/main.o
                0x080002e4                vLEDAperiodicTask1
 .text.vLEDAperiodicTask2
                0x0800030c       0x28 ./Src/main.o
                0x0800030c                vLEDAperiodicTask2
 .text.vLEDAperiodicTask3
                0x08000334       0x28 ./Src/main.o
                0x08000334                vLEDAperiodicTask3
 .text.vLEDAperiodicTask4
                0x0800035c       0x28 ./Src/main.o
                0x0800035c                vLEDAperiodicTask4
 .text.main     0x08000384       0x98 ./Src/main.o
                0x08000384                main
 .text.SystemInit
                0x0800041c       0x20 ./Src/system_stm32f4xx.o
                0x0800041c                SystemInit
 .text.DWT_Init
                0x0800043c       0x60 ./Src/system_stm32f4xx.o
                0x0800043c                DWT_Init
 .text.Reset_Handler
                0x0800049c       0x50 ./Startup/startup_stm32f407vgtx.o
                0x0800049c                Reset_Handler
 .text.Default_Handler
                0x080004ec        0x2 ./Startup/startup_stm32f407vgtx.o
                0x080004ec                RTC_Alarm_IRQHandler
                0x080004ec                HASH_RNG_IRQHandler
                0x080004ec                EXTI2_IRQHandler
                0x080004ec                TIM8_CC_IRQHandler
                0x080004ec                DebugMon_Handler
                0x080004ec                TIM1_CC_IRQHandler
                0x080004ec                DMA2_Stream5_IRQHandler
                0x080004ec                HardFault_Handler
                0x080004ec                DMA1_Stream5_IRQHandler
                0x080004ec                PVD_IRQHandler
                0x080004ec                SDIO_IRQHandler
                0x080004ec                TAMP_STAMP_IRQHandler
                0x080004ec                NMI_Handler
                0x080004ec                CAN2_RX1_IRQHandler
                0x080004ec                EXTI3_IRQHandler
                0x080004ec                TIM8_TRG_COM_TIM14_IRQHandler
                0x080004ec                TIM1_UP_TIM10_IRQHandler
                0x080004ec                TIM8_UP_TIM13_IRQHandler
                0x080004ec                I2C3_ER_IRQHandler
                0x080004ec                EXTI0_IRQHandler
                0x080004ec                I2C2_EV_IRQHandler
                0x080004ec                DMA1_Stream2_IRQHandler
                0x080004ec                CAN1_RX0_IRQHandler
                0x080004ec                FPU_IRQHandler
                0x080004ec                OTG_HS_WKUP_IRQHandler
                0x080004ec                UsageFault_Handler
                0x080004ec                CAN2_SCE_IRQHandler
                0x080004ec                DMA2_Stream2_IRQHandler
                0x080004ec                SPI1_IRQHandler
                0x080004ec                TIM6_DAC_IRQHandler
                0x080004ec                TIM1_BRK_TIM9_IRQHandler
                0x080004ec                DCMI_IRQHandler
                0x080004ec                CAN2_RX0_IRQHandler
                0x080004ec                DMA2_Stream3_IRQHandler
                0x080004ec                USART6_IRQHandler
                0x080004ec                USART3_IRQHandler
                0x080004ec                CRYP_IRQHandler
                0x080004ec                CAN1_RX1_IRQHandler
                0x080004ec                UART5_IRQHandler
                0x080004ec                DMA2_Stream0_IRQHandler
                0x080004ec                TIM4_IRQHandler
                0x080004ec                I2C1_EV_IRQHandler
                0x080004ec                DMA1_Stream6_IRQHandler
                0x080004ec                DMA1_Stream1_IRQHandler
                0x080004ec                UART4_IRQHandler
                0x080004ec                TIM3_IRQHandler
                0x080004ec                RCC_IRQHandler
                0x080004ec                TIM8_BRK_TIM12_IRQHandler
                0x080004ec                Default_Handler
                0x080004ec                EXTI15_10_IRQHandler
                0x080004ec                ADC_IRQHandler
                0x080004ec                DMA1_Stream7_IRQHandler
                0x080004ec                TIM7_IRQHandler
                0x080004ec                CAN2_TX_IRQHandler
                0x080004ec                TIM5_IRQHandler
                0x080004ec                DMA2_Stream7_IRQHandler
                0x080004ec                I2C3_EV_IRQHandler
                0x080004ec                EXTI9_5_IRQHandler
                0x080004ec                RTC_WKUP_IRQHandler
                0x080004ec                ETH_WKUP_IRQHandler
                0x080004ec                SPI2_IRQHandler
                0x080004ec                OTG_HS_EP1_IN_IRQHandler
                0x080004ec                MemManage_Handler
                0x080004ec                DMA1_Stream0_IRQHandler
                0x080004ec                CAN1_TX_IRQHandler
                0x080004ec                EXTI4_IRQHandler
                0x080004ec                FSMC_IRQHandler
                0x080004ec                ETH_IRQHandler
                0x080004ec                OTG_HS_EP1_OUT_IRQHandler
                0x080004ec                WWDG_IRQHandler
                0x080004ec                TIM2_IRQHandler
                0x080004ec                OTG_FS_WKUP_IRQHandler
                0x080004ec                TIM1_TRG_COM_TIM11_IRQHandler
                0x080004ec                OTG_HS_IRQHandler
                0x080004ec                EXTI1_IRQHandler
                0x080004ec                USART2_IRQHandler
                0x080004ec                I2C2_ER_IRQHandler
                0x080004ec                DMA2_Stream1_IRQHandler
                0x080004ec                CAN1_SCE_IRQHandler
                0x080004ec                DMA2_Stream4_IRQHandler
                0x080004ec                BusFault_Handler
                0x080004ec                USART1_IRQHandler
                0x080004ec                OTG_FS_IRQHandler
                0x080004ec                SPI3_IRQHandler
                0x080004ec                DMA1_Stream4_IRQHandler
                0x080004ec                I2C1_ER_IRQHandler
                0x080004ec                DMA2_Stream6_IRQHandler
                0x080004ec                DMA1_Stream3_IRQHandler
 .text.vListInitialise
                0x080004ee       0x40 ./ThirdParty/FreeRTOS/list.o
                0x080004ee                vListInitialise
 .text.vListInitialiseItem
                0x0800052e       0x1a ./ThirdParty/FreeRTOS/list.o
                0x0800052e                vListInitialiseItem
 .text.vListInsertEnd
                0x08000548       0x48 ./ThirdParty/FreeRTOS/list.o
                0x08000548                vListInsertEnd
 .text.vListInsert
                0x08000590       0x72 ./ThirdParty/FreeRTOS/list.o
                0x08000590                vListInsert
 .text.uxListRemove
                0x08000602       0x54 ./ThirdParty/FreeRTOS/list.o
                0x08000602                uxListRemove
 .text.xTaskCreate
                0x08000656       0x82 ./ThirdParty/FreeRTOS/tasks.o
                0x08000656                xTaskCreate
 .text.prvInitialiseNewTask
                0x080006d8      0x14c ./ThirdParty/FreeRTOS/tasks.o
 .text.prvAddNewTaskToReadyList
                0x08000824       0xd4 ./ThirdParty/FreeRTOS/tasks.o
 .text.vTaskDelay
                0x080008f8       0x6c ./ThirdParty/FreeRTOS/tasks.o
                0x080008f8                vTaskDelay
 .text.vTaskStartScheduler
                0x08000964       0xac ./ThirdParty/FreeRTOS/tasks.o
                0x08000964                vTaskStartScheduler
 .text.vTaskSuspendAll
                0x08000a10       0x1c ./ThirdParty/FreeRTOS/tasks.o
                0x08000a10                vTaskSuspendAll
 .text.xTaskResumeAll
                0x08000a2c      0x13c ./ThirdParty/FreeRTOS/tasks.o
                0x08000a2c                xTaskResumeAll
 .text.xTaskIncrementTick
                0x08000b68      0x174 ./ThirdParty/FreeRTOS/tasks.o
                0x08000b68                xTaskIncrementTick
 .text.vTaskSwitchContext
                0x08000cdc       0xc8 ./ThirdParty/FreeRTOS/tasks.o
                0x08000cdc                vTaskSwitchContext
 .text.prvIdleTask
                0x08000da4       0x30 ./ThirdParty/FreeRTOS/tasks.o
 .text.prvInitialiseTaskLists
                0x08000dd4       0x80 ./ThirdParty/FreeRTOS/tasks.o
 .text.prvCheckTasksWaitingTermination
                0x08000e54       0x5c ./ThirdParty/FreeRTOS/tasks.o
 .text.prvDeleteTCB
                0x08000eb0       0x2a ./ThirdParty/FreeRTOS/tasks.o
 *fill*         0x08000eda        0x2 
 .text.prvResetNextTaskUnblockTime
                0x08000edc       0x38 ./ThirdParty/FreeRTOS/tasks.o
 .text.prvAddCurrentTaskToDelayedList
                0x08000f14       0xcc ./ThirdParty/FreeRTOS/tasks.o
 .text.pxPortInitialiseStack
                0x08000fe0       0x68 ./ThirdParty/FreeRTOS/portable/GCC/ARM_CM4F/port.o
                0x08000fe0                pxPortInitialiseStack
 .text.prvTaskExitError
                0x08001048       0x5c ./ThirdParty/FreeRTOS/portable/GCC/ARM_CM4F/port.o
 *fill*         0x080010a4        0xc 
 .text.SVC_Handler
                0x080010b0       0x28 ./ThirdParty/FreeRTOS/portable/GCC/ARM_CM4F/port.o
                0x080010b0                SVC_Handler
 .text.prvPortStartFirstTask
                0x080010d8       0x2c ./ThirdParty/FreeRTOS/portable/GCC/ARM_CM4F/port.o
 .text.xPortStartScheduler
                0x08001104      0x148 ./ThirdParty/FreeRTOS/portable/GCC/ARM_CM4F/port.o
                0x08001104                xPortStartScheduler
 .text.vPortEnterCritical
                0x0800124c       0x64 ./ThirdParty/FreeRTOS/portable/GCC/ARM_CM4F/port.o
                0x0800124c                vPortEnterCritical
 .text.vPortExitCritical
                0x080012b0       0x54 ./ThirdParty/FreeRTOS/portable/GCC/ARM_CM4F/port.o
                0x080012b0                vPortExitCritical
 *fill*         0x08001304        0xc 
 .text.PendSV_Handler
                0x08001310       0x68 ./ThirdParty/FreeRTOS/portable/GCC/ARM_CM4F/port.o
                0x08001310                PendSV_Handler
 .text.SysTick_Handler
                0x08001378       0x44 ./ThirdParty/FreeRTOS/portable/GCC/ARM_CM4F/port.o
                0x08001378                SysTick_Handler
 .text.vPortSetupTimerInterrupt
                0x080013bc       0x48 ./ThirdParty/FreeRTOS/portable/GCC/ARM_CM4F/port.o
                0x080013bc                vPortSetupTimerInterrupt
 .text.vPortEnableVFP
                0x08001404       0x18 ./ThirdParty/FreeRTOS/portable/GCC/ARM_CM4F/port.o
 .text.pvPortMalloc
                0x0800141c      0x19c ./ThirdParty/FreeRTOS/portable/MemMang/heap_4.o
                0x0800141c                pvPortMalloc
 .text.vPortFree
                0x080015b8       0xc8 ./ThirdParty/FreeRTOS/portable/MemMang/heap_4.o
                0x080015b8                vPortFree
 .text.prvHeapInit
                0x08001680       0xc4 ./ThirdParty/FreeRTOS/portable/MemMang/heap_4.o
 .text.prvInsertBlockIntoFreeList
                0x08001744       0xb4 ./ThirdParty/FreeRTOS/portable/MemMang/heap_4.o
 .text.memset   0x080017f8       0x10 /opt/st/stm32cubeide_1.15.0/plugins/com.st.stm32cube.ide.mcu.externaltools.gnu-tools-for-stm32.12.3.rel1.linux64_1.0.100.202403111256/tools/bin/../lib/gcc/arm-none-eabi/12.3.1/../../../../arm-none-eabi/lib/thumb/v7e-m+fp/hard/libc_nano.a(libc_a-memset.o)
                0x080017f8                memset
 .text._reclaim_reent
                0x08001808       0xac /opt/st/stm32cubeide_1.15.0/plugins/com.st.stm32cube.ide.mcu.externaltools.gnu-tools-for-stm32.12.3.rel1.linux64_1.0.100.202403111256/tools/bin/../lib/gcc/arm-none-eabi/12.3.1/../../../../arm-none-eabi/lib/thumb/v7e-m+fp/hard/libc_nano.a(libc_a-reent.o)
                0x08001808                _reclaim_reent
 .text.__libc_init_array
                0x080018b4       0x48 /opt/st/stm32cubeide_1.15.0/plugins/com.st.stm32cube.ide.mcu.externaltools.gnu-tools-for-stm32.12.3.rel1.linux64_1.0.100.202403111256/tools/bin/../lib/gcc/arm-none-eabi/12.3.1/../../../../arm-none-eabi/lib/thumb/v7e-m+fp/hard/libc_nano.a(libc_a-init.o)
                0x080018b4                __libc_init_array
 .text.__retarget_lock_acquire_recursive
                0x080018fc        0x2 /opt/st/stm32cubeide_1.15.0/plugins/com.st.stm32cube.ide.mcu.externaltools.gnu-tools-for-stm32.12.3.rel1.linux64_1.0.100.202403111256/tools/bin/../lib/gcc/arm-none-eabi/12.3.1/../../../../arm-none-eabi/lib/thumb/v7e-m+fp/hard/libc_nano.a(libc_a-lock.o)
                0x080018fc                __retarget_lock_acquire_recursive
 .text.__retarget_lock_release_recursive
                0x080018fe        0x2 /opt/st/stm32cubeide_1.15.0/plugins/com.st.stm32cube.ide.mcu.externaltools.gnu-tools-for-stm32.12.3.rel1.linux64_1.0.100.202403111256/tools/bin/../lib/gcc/arm-none-eabi/12.3.1/../../../../arm-none-eabi/lib/thumb/v7e-m+fp/hard/libc_nano.a(libc_a-lock.o)
                0x080018fe                __retarget_lock_release_recursive
 .text._free_r  0x08001900       0x94 /opt/st/stm32cubeide_1.15.0/plugins/com.st.stm32cube.ide.mcu.externaltools.gnu-tools-for-stm32.12.3.rel1.linux64_1.0.100.202403111256/tools/bin/../lib/gcc/arm-none-eabi/12.3.1/../../../../arm-none-eabi/lib/thumb/v7e-m+fp/hard/libc_nano.a(libc_a-freer.o)
                0x08001900                _free_r
 .text.__malloc_lock
                0x08001994        0xc /opt/st/stm32cubeide_1.15.0/plugins/com.st.stm32cube.ide.mcu.externaltools.gnu-tools-for-stm32.12.3.rel1.linux64_1.0.100.202403111256/tools/bin/../lib/gcc/arm-none-eabi/12.3.1/../../../../arm-none-eabi/lib/thumb/v7e-m+fp/hard/libc_nano.a(libc_a-mlock.o)
                0x08001994                __malloc_lock
 .text.__malloc_unlock
                0x080019a0        0xc /opt/st/stm32cubeide_1.15.0/plugins/com.st.stm32cube.ide.mcu.externaltools.gnu-tools-for-stm32.12.3.rel1.linux64_1.0.100.202403111256/tools/bin/../lib/gcc/arm-none-eabi/12.3.1/../../../../arm-none-eabi/lib/thumb/v7e-m+fp/hard/libc_nano.a(libc_a-mlock.o)
                0x080019a0                __malloc_unlock
 *(.glue_7)
 .glue_7        0x080019ac        0x0 linker stubs
 *(.glue_7t)
 .glue_7t       0x080019ac        0x0 linker stubs
 *(.eh_frame)
 .eh_frame      0x080019ac        0x0 /opt/st/stm32cubeide_1.15.0/plugins/com.st.stm32cube.ide.mcu.externaltools.gnu-tools-for-stm32.12.3.rel1.linux64_1.0.100.202403111256/tools/bin/../lib/gcc/arm-none-eabi/12.3.1/thumb/v7e-m+fp/hard/crtbegin.o
 *(.init)
 .init          0x080019ac        0x4 /opt/st/stm32cubeide_1.15.0/plugins/com.st.stm32cube.ide.mcu.externaltools.gnu-tools-for-stm32.12.3.rel1.linux64_1.0.100.202403111256/tools/bin/../lib/gcc/arm-none-eabi/12.3.1/thumb/v7e-m+fp/hard/crti.o
                0x080019ac                _init
 .init          0x080019b0        0x8 /opt/st/stm32cubeide_1.15.0/plugins/com.st.stm32cube.ide.mcu.externaltools.gnu-tools-for-stm32.12.3.rel1.linux64_1.0.100.202403111256/tools/bin/../lib/gcc/arm-none-eabi/12.3.1/thumb/v7e-m+fp/hard/crtn.o
 *(.fini)
 .fini          0x080019b8        0x4 /opt/st/stm32cubeide_1.15.0/plugins/com.st.stm32cube.ide.mcu.externaltools.gnu-tools-for-stm32.12.3.rel1.linux64_1.0.100.202403111256/tools/bin/../lib/gcc/arm-none-eabi/12.3.1/thumb/v7e-m+fp/hard/crti.o
                0x080019b8                _fini
 .fini          0x080019bc        0x8 /opt/st/stm32cubeide_1.15.0/plugins/com.st.stm32cube.ide.mcu.externaltools.gnu-tools-for-stm32.12.3.rel1.linux64_1.0.100.202403111256/tools/bin/../lib/gcc/arm-none-eabi/12.3.1/thumb/v7e-m+fp/hard/crtn.o
                0x080019c4                        . = ALIGN (0x4)
                0x080019c4                        _etext = .

.vfp11_veneer   0x080019c4        0x0
 .vfp11_veneer  0x080019c4        0x0 linker stubs

.v4_bx          0x080019c4        0x0
 .v4_bx         0x080019c4        0x0 linker stubs

.iplt           0x080019c4        0x0
 .iplt          0x080019c4        0x0 /opt/st/stm32cubeide_1.15.0/plugins/com.st.stm32cube.ide.mcu.externaltools.gnu-tools-for-stm32.12.3.rel1.linux64_1.0.100.202403111256/tools/bin/../lib/gcc/arm-none-eabi/12.3.1/thumb/v7e-m+fp/hard/crtbegin.o

.rodata         0x080019c4       0x34
                0x080019c4                        . = ALIGN (0x4)
 *(.rodata)
 .rodata        0x080019c4       0x29 ./Src/main.o
 *fill*         0x080019ed        0x3 
 .rodata        0x080019f0        0x5 ./ThirdParty/FreeRTOS/tasks.o
 *(.rodata*)
                0x080019f8                        . = ALIGN (0x4)
 *fill*         0x080019f5        0x3 

.ARM.extab      0x080019f8        0x0
                0x080019f8                        . = ALIGN (0x4)
 *(.ARM.extab* .gnu.linkonce.armextab.*)
                0x080019f8                        . = ALIGN (0x4)

.ARM            0x080019f8        0x0
                0x080019f8                        . = ALIGN (0x4)
                0x080019f8                        __exidx_start = .
 *(.ARM.exidx*)
                0x080019f8                        __exidx_end = .
                0x080019f8                        . = ALIGN (0x4)

.preinit_array  0x080019f8        0x0
                0x080019f8                        . = ALIGN (0x4)
                0x080019f8                        PROVIDE (__preinit_array_start = .)
 *(.preinit_array*)
                0x080019f8                        PROVIDE (__preinit_array_end = .)
                0x080019f8                        . = ALIGN (0x4)

.init_array     0x080019f8        0x4
                0x080019f8                        . = ALIGN (0x4)
                0x080019f8                        PROVIDE (__init_array_start = .)
 *(SORT_BY_NAME(.init_array.*))
 *(.init_array*)
 .init_array    0x080019f8        0x4 /opt/st/stm32cubeide_1.15.0/plugins/com.st.stm32cube.ide.mcu.externaltools.gnu-tools-for-stm32.12.3.rel1.linux64_1.0.100.202403111256/tools/bin/../lib/gcc/arm-none-eabi/12.3.1/thumb/v7e-m+fp/hard/crtbegin.o
                0x080019fc                        PROVIDE (__init_array_end = .)
                0x080019fc                        . = ALIGN (0x4)

.fini_array     0x080019fc        0x4
                0x080019fc                        . = ALIGN (0x4)
                [!provide]                        PROVIDE (__fini_array_start = .)
 *(SORT_BY_NAME(.fini_array.*))
 *(.fini_array*)
 .fini_array    0x080019fc        0x4 /opt/st/stm32cubeide_1.15.0/plugins/com.st.stm32cube.ide.mcu.externaltools.gnu-tools-for-stm32.12.3.rel1.linux64_1.0.100.202403111256/tools/bin/../lib/gcc/arm-none-eabi/12.3.1/thumb/v7e-m+fp/hard/crtbegin.o
                [!provide]                        PROVIDE (__fini_array_end = .)
                0x08001a00                        . = ALIGN (0x4)
                0x08001a00                        _sidata = LOADADDR (.data)

.rel.dyn        0x08001a00        0x0
 .rel.iplt      0x08001a00        0x0 /opt/st/stm32cubeide_1.15.0/plugins/com.st.stm32cube.ide.mcu.externaltools.gnu-tools-for-stm32.12.3.rel1.linux64_1.0.100.202403111256/tools/bin/../lib/gcc/arm-none-eabi/12.3.1/thumb/v7e-m+fp/hard/crtbegin.o

.data           0x20000000       0x5c load address 0x08001a00
                0x20000000                        . = ALIGN (0x4)
                0x20000000                        _sdata = .
 *(.data)
 *(.data*)
 .data.SystemCoreClock
                0x20000000        0x4 ./Src/system_stm32f4xx.o
                0x20000000                SystemCoreClock
 .data.uxTopUsedPriority
                0x20000004        0x4 ./ThirdParty/FreeRTOS/tasks.o
                0x20000004                uxTopUsedPriority
 .data.uxCriticalNesting
                0x20000008        0x4 ./ThirdParty/FreeRTOS/portable/GCC/ARM_CM4F/port.o
 .data._impure_ptr
                0x2000000c        0x4 /opt/st/stm32cubeide_1.15.0/plugins/com.st.stm32cube.ide.mcu.externaltools.gnu-tools-for-stm32.12.3.rel1.linux64_1.0.100.202403111256/tools/bin/../lib/gcc/arm-none-eabi/12.3.1/../../../../arm-none-eabi/lib/thumb/v7e-m+fp/hard/libc_nano.a(libc_a-impure.o)
                0x2000000c                _impure_ptr
 .data._impure_data
                0x20000010       0x4c /opt/st/stm32cubeide_1.15.0/plugins/com.st.stm32cube.ide.mcu.externaltools.gnu-tools-for-stm32.12.3.rel1.linux64_1.0.100.202403111256/tools/bin/../lib/gcc/arm-none-eabi/12.3.1/../../../../arm-none-eabi/lib/thumb/v7e-m+fp/hard/libc_nano.a(libc_a-impure.o)
                0x20000010                _impure_data
 *(.RamFunc)
 *(.RamFunc*)
                0x2000005c                        . = ALIGN (0x4)
                0x2000005c                        _edata = .
                0x08001a5c                        _siccmram = LOADADDR (.ccmram)

.igot.plt       0x2000005c        0x0 load address 0x08001a5c
 .igot.plt      0x2000005c        0x0 /opt/st/stm32cubeide_1.15.0/plugins/com.st.stm32cube.ide.mcu.externaltools.gnu-tools-for-stm32.12.3.rel1.linux64_1.0.100.202403111256/tools/bin/../lib/gcc/arm-none-eabi/12.3.1/thumb/v7e-m+fp/hard/crtbegin.o

.ccmram         0x10000000        0x0 load address 0x08001a5c
                0x10000000                        . = ALIGN (0x4)
                0x10000000                        _sccmram = .
 *(.ccmram)
 *(.ccmram*)
                0x10000000                        . = ALIGN (0x4)
                0x10000000                        _eccmram = .
                0x10000000                        . = ALIGN (0x4)

.bss            0x2000005c     0x3eb0
                0x2000005c                        _sbss = .
                0x2000005c                        __bss_start__ = _sbss
 *(.bss)
 .bss           0x2000005c       0x1c /opt/st/stm32cubeide_1.15.0/plugins/com.st.stm32cube.ide.mcu.externaltools.gnu-tools-for-stm32.12.3.rel1.linux64_1.0.100.202403111256/tools/bin/../lib/gcc/arm-none-eabi/12.3.1/thumb/v7e-m+fp/hard/crtbegin.o
 *(.bss*)
 .bss.pxCurrentTCB
                0x20000078        0x4 ./ThirdParty/FreeRTOS/tasks.o
                0x20000078                pxCurrentTCB
 .bss.pxReadyTasksLists
                0x2000007c       0x8c ./ThirdParty/FreeRTOS/tasks.o
 .bss.xDelayedTaskList1
                0x20000108       0x14 ./ThirdParty/FreeRTOS/tasks.o
 .bss.xDelayedTaskList2
                0x2000011c       0x14 ./ThirdParty/FreeRTOS/tasks.o
 .bss.pxDelayedTaskList
                0x20000130        0x4 ./ThirdParty/FreeRTOS/tasks.o
 .bss.pxOverflowDelayedTaskList
                0x20000134        0x4 ./ThirdParty/FreeRTOS/tasks.o
 .bss.xPendingReadyList
                0x20000138       0x14 ./ThirdParty/FreeRTOS/tasks.o
 .bss.xTasksWaitingTermination
                0x2000014c       0x14 ./ThirdParty/FreeRTOS/tasks.o
 .bss.uxDeletedTasksWaitingCleanUp
                0x20000160        0x4 ./ThirdParty/FreeRTOS/tasks.o
 .bss.xSuspendedTaskList
                0x20000164       0x14 ./ThirdParty/FreeRTOS/tasks.o
 .bss.uxCurrentNumberOfTasks
                0x20000178        0x4 ./ThirdParty/FreeRTOS/tasks.o
 .bss.xTickCount
                0x2000017c        0x4 ./ThirdParty/FreeRTOS/tasks.o
 .bss.uxTopReadyPriority
                0x20000180        0x4 ./ThirdParty/FreeRTOS/tasks.o
 .bss.xSchedulerRunning
                0x20000184        0x4 ./ThirdParty/FreeRTOS/tasks.o
 .bss.xPendedTicks
                0x20000188        0x4 ./ThirdParty/FreeRTOS/tasks.o
 .bss.xYieldPending
                0x2000018c        0x4 ./ThirdParty/FreeRTOS/tasks.o
 .bss.xNumOfOverflows
                0x20000190        0x4 ./ThirdParty/FreeRTOS/tasks.o
 .bss.uxTaskNumber
                0x20000194        0x4 ./ThirdParty/FreeRTOS/tasks.o
 .bss.xNextTaskUnblockTime
                0x20000198        0x4 ./ThirdParty/FreeRTOS/tasks.o
 .bss.xIdleTaskHandle
                0x2000019c        0x4 ./ThirdParty/FreeRTOS/tasks.o
 .bss.uxSchedulerSuspended
                0x200001a0        0x4 ./ThirdParty/FreeRTOS/tasks.o
 .bss.ucMaxSysCallPriority
                0x200001a4        0x1 ./ThirdParty/FreeRTOS/portable/GCC/ARM_CM4F/port.o
 *fill*         0x200001a5        0x3 
 .bss.ulMaxPRIGROUPValue
                0x200001a8        0x4 ./ThirdParty/FreeRTOS/portable/GCC/ARM_CM4F/port.o
 .bss.ucHeap    0x200001ac     0x3c00 ./ThirdParty/FreeRTOS/portable/MemMang/heap_4.o
 .bss.xStart    0x20003dac        0x8 ./ThirdParty/FreeRTOS/portable/MemMang/heap_4.o
 .bss.pxEnd     0x20003db4        0x4 ./ThirdParty/FreeRTOS/portable/MemMang/heap_4.o
 .bss.xFreeBytesRemaining
                0x20003db8        0x4 ./ThirdParty/FreeRTOS/portable/MemMang/heap_4.o
 .bss.xMinimumEverFreeBytesRemaining
                0x20003dbc        0x4 ./ThirdParty/FreeRTOS/portable/MemMang/heap_4.o
 .bss.xNumberOfSuccessfulAllocations
                0x20003dc0        0x4 ./ThirdParty/FreeRTOS/portable/MemMang/heap_4.o
 .bss.xNumberOfSuccessfulFrees
                0x20003dc4        0x4 ./ThirdParty/FreeRTOS/portable/MemMang/heap_4.o
 .bss.xBlockAllocatedBit
                0x20003dc8        0x4 ./ThirdParty/FreeRTOS/portable/MemMang/heap_4.o
 .bss.__sf      0x20003dcc      0x138 /opt/st/stm32cubeide_1.15.0/plugins/com.st.stm32cube.ide.mcu.externaltools.gnu-tools-for-stm32.12.3.rel1.linux64_1.0.100.202403111256/tools/bin/../lib/gcc/arm-none-eabi/12.3.1/../../../../arm-none-eabi/lib/thumb/v7e-m+fp/hard/libc_nano.a(libc_a-findfp.o)
                0x20003dcc                __sf
 .bss.__lock___malloc_recursive_mutex
                0x20003f04        0x1 /opt/st/stm32cubeide_1.15.0/plugins/com.st.stm32cube.ide.mcu.externaltools.gnu-tools-for-stm32.12.3.rel1.linux64_1.0.100.202403111256/tools/bin/../lib/gcc/arm-none-eabi/12.3.1/../../../../arm-none-eabi/lib/thumb/v7e-m+fp/hard/libc_nano.a(libc_a-lock.o)
                0x20003f04                __lock___malloc_recursive_mutex
 *fill*         0x20003f05        0x3 
 .bss.__malloc_free_list
                0x20003f08        0x4 /opt/st/stm32cubeide_1.15.0/plugins/com.st.stm32cube.ide.mcu.externaltools.gnu-tools-for-stm32.12.3.rel1.linux64_1.0.100.202403111256/tools/bin/../lib/gcc/arm-none-eabi/12.3.1/../../../../arm-none-eabi/lib/thumb/v7e-m+fp/hard/libc_nano.a(libc_a-mallocr.o)
                0x20003f08                __malloc_free_list
 *(COMMON)
                0x20003f0c                        . = ALIGN (0x4)
                0x20003f0c                        _ebss = .
                0x20003f0c                        __bss_end__ = _ebss

._user_heap_stack
                0x20003f0c      0x604
                0x20003f10                        . = ALIGN (0x8)
 *fill*         0x20003f0c        0x4 
                [!provide]                        PROVIDE (end = .)
                0x20003f10                        PROVIDE (_end = .)
                0x20004110                        . = (. + _Min_Heap_Size)
 *fill*         0x20003f10      0x200 
                0x20004510                        . = (. + _Min_Stack_Size)
 *fill*         0x20004110      0x400 
                0x20004510                        . = ALIGN (0x8)

/DISCARD/
 libc.a(*)
 libm.a(*)
 libgcc.a(*)

.ARM.attributes
                0x00000000       0x30
 *(.ARM.attributes)
 .ARM.attributes
                0x00000000       0x22 /opt/st/stm32cubeide_1.15.0/plugins/com.st.stm32cube.ide.mcu.externaltools.gnu-tools-for-stm32.12.3.rel1.linux64_1.0.100.202403111256/tools/bin/../lib/gcc/arm-none-eabi/12.3.1/thumb/v7e-m+fp/hard/crti.o
 .ARM.attributes
                0x00000022       0x34 /opt/st/stm32cubeide_1.15.0/plugins/com.st.stm32cube.ide.mcu.externaltools.gnu-tools-for-stm32.12.3.rel1.linux64_1.0.100.202403111256/tools/bin/../lib/gcc/arm-none-eabi/12.3.1/thumb/v7e-m+fp/hard/crtbegin.o
 .ARM.attributes
                0x00000056       0x34 ./Src/led.o
 .ARM.attributes
                0x0000008a       0x34 ./Src/main.o
 .ARM.attributes
                0x000000be       0x34 ./Src/system_stm32f4xx.o
 .ARM.attributes
                0x000000f2       0x21 ./Startup/startup_stm32f407vgtx.o
 .ARM.attributes
                0x00000113       0x34 ./ThirdParty/FreeRTOS/list.o
 .ARM.attributes
                0x00000147       0x34 ./ThirdParty/FreeRTOS/tasks.o
 .ARM.attributes
                0x0000017b       0x34 ./ThirdParty/FreeRTOS/portable/GCC/ARM_CM4F/port.o
 .ARM.attributes
                0x000001af       0x34 ./ThirdParty/FreeRTOS/portable/MemMang/heap_4.o
 .ARM.attributes
                0x000001e3       0x34 /opt/st/stm32cubeide_1.15.0/plugins/com.st.stm32cube.ide.mcu.externaltools.gnu-tools-for-stm32.12.3.rel1.linux64_1.0.100.202403111256/tools/bin/../lib/gcc/arm-none-eabi/12.3.1/../../../../arm-none-eabi/lib/thumb/v7e-m+fp/hard/libc_nano.a(libc_a-findfp.o)
 .ARM.attributes
                0x00000217       0x34 /opt/st/stm32cubeide_1.15.0/plugins/com.st.stm32cube.ide.mcu.externaltools.gnu-tools-for-stm32.12.3.rel1.linux64_1.0.100.202403111256/tools/bin/../lib/gcc/arm-none-eabi/12.3.1/../../../../arm-none-eabi/lib/thumb/v7e-m+fp/hard/libc_nano.a(libc_a-memset.o)
 .ARM.attributes
                0x0000024b       0x34 /opt/st/stm32cubeide_1.15.0/plugins/com.st.stm32cube.ide.mcu.externaltools.gnu-tools-for-stm32.12.3.rel1.linux64_1.0.100.202403111256/tools/bin/../lib/gcc/arm-none-eabi/12.3.1/../../../../arm-none-eabi/lib/thumb/v7e-m+fp/hard/libc_nano.a(libc_a-reent.o)
 .ARM.attributes
                0x0000027f       0x34 /opt/st/stm32cubeide_1.15.0/plugins/com.st.stm32cube.ide.mcu.externaltools.gnu-tools-for-stm32.12.3.rel1.linux64_1.0.100.202403111256/tools/bin/../lib/gcc/arm-none-eabi/12.3.1/../../../../arm-none-eabi/lib/thumb/v7e-m+fp/hard/libc_nano.a(libc_a-impure.o)
 .ARM.attributes
                0x000002b3       0x34 /opt/st/stm32cubeide_1.15.0/plugins/com.st.stm32cube.ide.mcu.externaltools.gnu-tools-for-stm32.12.3.rel1.linux64_1.0.100.202403111256/tools/bin/../lib/gcc/arm-none-eabi/12.3.1/../../../../arm-none-eabi/lib/thumb/v7e-m+fp/hard/libc_nano.a(libc_a-init.o)
 .ARM.attributes
                0x000002e7       0x34 /opt/st/stm32cubeide_1.15.0/plugins/com.st.stm32cube.ide.mcu.externaltools.gnu-tools-for-stm32.12.3.rel1.linux64_1.0.100.202403111256/tools/bin/../lib/gcc/arm-none-eabi/12.3.1/../../../../arm-none-eabi/lib/thumb/v7e-m+fp/hard/libc_nano.a(libc_a-lock.o)
 .ARM.attributes
                0x0000031b       0x34 /opt/st/stm32cubeide_1.15.0/plugins/com.st.stm32cube.ide.mcu.externaltools.gnu-tools-for-stm32.12.3.rel1.linux64_1.0.100.202403111256/tools/bin/../lib/gcc/arm-none-eabi/12.3.1/../../../../arm-none-eabi/lib/thumb/v7e-m+fp/hard/libc_nano.a(libc_a-freer.o)
 .ARM.attributes
                0x0000034f       0x34 /opt/st/stm32cubeide_1.15.0/plugins/com.st.stm32cube.ide.mcu.externaltools.gnu-tools-for-stm32.12.3.rel1.linux64_1.0.100.202403111256/tools/bin/../lib/gcc/arm-none-eabi/12.3.1/../../../../arm-none-eabi/lib/thumb/v7e-m+fp/hard/libc_nano.a(libc_a-mallocr.o)
 .ARM.attributes
                0x00000383       0x34 /opt/st/stm32cubeide_1.15.0/plugins/com.st.stm32cube.ide.mcu.externaltools.gnu-tools-for-stm32.12.3.rel1.linux64_1.0.100.202403111256/tools/bin/../lib/gcc/arm-none-eabi/12.3.1/../../../../arm-none-eabi/lib/thumb/v7e-m+fp/hard/libc_nano.a(libc_a-mlock.o)
 .ARM.attributes
                0x000003b7       0x22 /opt/st/stm32cubeide_1.15.0/plugins/com.st.stm32cube.ide.mcu.externaltools.gnu-tools-for-stm32.12.3.rel1.linux64_1.0.100.202403111256/tools/bin/../lib/gcc/arm-none-eabi/12.3.1/thumb/v7e-m+fp/hard/crtn.o
OUTPUT(RTOS_Ass1.elf elf32-littlearm)
LOAD linker stubs
LOAD /opt/st/stm32cubeide_1.15.0/plugins/com.st.stm32cube.ide.mcu.externaltools.gnu-tools-for-stm32.12.3.rel1.linux64_1.0.100.202403111256/tools/bin/../lib/gcc/arm-none-eabi/12.3.1/../../../../arm-none-eabi/lib/thumb/v7e-m+fp/hard/libc.a
LOAD /opt/st/stm32cubeide_1.15.0/plugins/com.st.stm32cube.ide.mcu.externaltools.gnu-tools-for-stm32.12.3.rel1.linux64_1.0.100.202403111256/tools/bin/../lib/gcc/arm-none-eabi/12.3.1/../../../../arm-none-eabi/lib/thumb/v7e-m+fp/hard/libm.a
LOAD /opt/st/stm32cubeide_1.15.0/plugins/com.st.stm32cube.ide.mcu.externaltools.gnu-tools-for-stm32.12.3.rel1.linux64_1.0.100.202403111256/tools/bin/../lib/gcc/arm-none-eabi/12.3.1/thumb/v7e-m+fp/hard/libgcc.a

.debug_info     0x00000000     0x3e14
 .debug_info    0x00000000      0x549 ./Src/led.o
 .debug_info    0x00000549      0x247 ./Src/main.o
 .debug_info    0x00000790      0x700 ./Src/system_stm32f4xx.o
 .debug_info    0x00000e90       0x30 ./Startup/startup_stm32f407vgtx.o
 .debug_info    0x00000ec0      0x2af ./ThirdParty/FreeRTOS/list.o
 .debug_info    0x0000116f     0x22ef ./ThirdParty/FreeRTOS/tasks.o
 .debug_info    0x0000345e      0x4e1 ./ThirdParty/FreeRTOS/portable/GCC/ARM_CM4F/port.o
 .debug_info    0x0000393f      0x4d5 ./ThirdParty/FreeRTOS/portable/MemMang/heap_4.o

.debug_abbrev   0x00000000      0xd20
 .debug_abbrev  0x00000000      0x136 ./Src/led.o
 .debug_abbrev  0x00000136      0x126 ./Src/main.o
 .debug_abbrev  0x0000025c      0x161 ./Src/system_stm32f4xx.o
 .debug_abbrev  0x000003bd       0x24 ./Startup/startup_stm32f407vgtx.o
 .debug_abbrev  0x000003e1       0xf5 ./ThirdParty/FreeRTOS/list.o
 .debug_abbrev  0x000004d6      0x3d3 ./ThirdParty/FreeRTOS/tasks.o
 .debug_abbrev  0x000008a9      0x25a ./ThirdParty/FreeRTOS/portable/GCC/ARM_CM4F/port.o
 .debug_abbrev  0x00000b03      0x21d ./ThirdParty/FreeRTOS/portable/MemMang/heap_4.o

.debug_aranges  0x00000000      0x3b0
 .debug_aranges
                0x00000000       0x40 ./Src/led.o
 .debug_aranges
                0x00000040       0x40 ./Src/main.o
 .debug_aranges
                0x00000080       0x38 ./Src/system_stm32f4xx.o
 .debug_aranges
                0x000000b8       0x28 ./Startup/startup_stm32f407vgtx.o
 .debug_aranges
                0x000000e0       0x40 ./ThirdParty/FreeRTOS/list.o
 .debug_aranges
                0x00000120      0x1b8 ./ThirdParty/FreeRTOS/tasks.o
 .debug_aranges
                0x000002d8       0x80 ./ThirdParty/FreeRTOS/portable/GCC/ARM_CM4F/port.o
 .debug_aranges
                0x00000358       0x58 ./ThirdParty/FreeRTOS/portable/MemMang/heap_4.o

.debug_rnglists
                0x00000000      0x2c0
 .debug_rnglists
                0x00000000       0x2c ./Src/led.o
 .debug_rnglists
                0x0000002c       0x2c ./Src/main.o
 .debug_rnglists
                0x00000058       0x26 ./Src/system_stm32f4xx.o
 .debug_rnglists
                0x0000007e       0x19 ./Startup/startup_stm32f407vgtx.o
 .debug_rnglists
                0x00000097       0x2b ./ThirdParty/FreeRTOS/list.o
 .debug_rnglists
                0x000000c2      0x15f ./ThirdParty/FreeRTOS/tasks.o
 .debug_rnglists
                0x00000221       0x5d ./ThirdParty/FreeRTOS/portable/GCC/ARM_CM4F/port.o
 .debug_rnglists
                0x0000027e       0x42 ./ThirdParty/FreeRTOS/portable/MemMang/heap_4.o

.debug_macro    0x00000000    0x19351
 .debug_macro   0x00000000       0xd7 ./Src/led.o
 .debug_macro   0x000000d7       0x2f ./Src/led.o
 .debug_macro   0x00000106       0x1c ./Src/led.o
 .debug_macro   0x00000122       0x22 ./Src/led.o
 .debug_macro   0x00000144       0xd9 ./Src/led.o
 .debug_macro   0x0000021d     0x102d ./Src/led.o
 .debug_macro   0x0000124a      0x11f ./Src/led.o
 .debug_macro   0x00001369    0x15e3c ./Src/led.o
 .debug_macro   0x000171a5       0x28 ./Src/led.o
 .debug_macro   0x000171cd       0x74 ./Src/led.o
 .debug_macro   0x00017241      0x225 ./Src/main.o
 .debug_macro   0x00017466       0x61 ./Src/main.o
 .debug_macro   0x000174c7       0x2a ./Src/main.o
 .debug_macro   0x000174f1       0x43 ./Src/main.o
 .debug_macro   0x00017534       0x34 ./Src/main.o
 .debug_macro   0x00017568       0x16 ./Src/main.o
 .debug_macro   0x0001757e       0x9e ./Src/main.o
 .debug_macro   0x0001761c      0x369 ./Src/main.o
 .debug_macro   0x00017985      0x10b ./Src/main.o
 .debug_macro   0x00017a90       0x10 ./Src/main.o
 .debug_macro   0x00017aa0       0x16 ./Src/main.o
 .debug_macro   0x00017ab6       0x43 ./Src/main.o
 .debug_macro   0x00017af9       0x34 ./Src/main.o
 .debug_macro   0x00017b2d       0x10 ./Src/main.o
 .debug_macro   0x00017b3d       0x58 ./Src/main.o
 .debug_macro   0x00017b95       0x8e ./Src/main.o
 .debug_macro   0x00017c23       0x1c ./Src/main.o
 .debug_macro   0x00017c3f      0x177 ./Src/main.o
 .debug_macro   0x00017db6       0x16 ./Src/main.o
 .debug_macro   0x00017dcc       0x16 ./Src/main.o
 .debug_macro   0x00017de2      0x146 ./Src/main.o
 .debug_macro   0x00017f28       0xf1 ./Src/main.o
 .debug_macro   0x00018019      0x15a ./Src/main.o
 .debug_macro   0x00018173       0xe4 ./Src/main.o
 .debug_macro   0x00018257       0x1c ./Src/main.o
 .debug_macro   0x00018273       0x26 ./Src/main.o
 .debug_macro   0x00018299       0x16 ./Src/main.o
 .debug_macro   0x000182af       0x35 ./Src/main.o
 .debug_macro   0x000182e4      0x50c ./Src/main.o
 .debug_macro   0x000187f0       0xb5 ./Src/main.o
 .debug_macro   0x000188a5      0x120 ./Src/main.o
 .debug_macro   0x000189c5       0xe1 ./Src/system_stm32f4xx.o
 .debug_macro   0x00018aa6       0x2e ./Src/system_stm32f4xx.o
 .debug_macro   0x00018ad4       0x4a ./Src/system_stm32f4xx.o
 .debug_macro   0x00018b1e      0x1a5 ./ThirdParty/FreeRTOS/list.o
 .debug_macro   0x00018cc3      0x28b ./ThirdParty/FreeRTOS/tasks.o
 .debug_macro   0x00018f4e       0x10 ./ThirdParty/FreeRTOS/tasks.o
 .debug_macro   0x00018f5e      0x233 ./ThirdParty/FreeRTOS/portable/GCC/ARM_CM4F/port.o
 .debug_macro   0x00019191      0x1c0 ./ThirdParty/FreeRTOS/portable/MemMang/heap_4.o

.debug_line     0x00000000     0x41fc
 .debug_line    0x00000000      0x4da ./Src/led.o
 .debug_line    0x000004da      0x6ce ./Src/main.o
 .debug_line    0x00000ba8      0x4de ./Src/system_stm32f4xx.o
 .debug_line    0x00001086       0x7b ./Startup/startup_stm32f407vgtx.o
 .debug_line    0x00001101      0x699 ./ThirdParty/FreeRTOS/list.o
 .debug_line    0x0000179a     0x1930 ./ThirdParty/FreeRTOS/tasks.o
 .debug_line    0x000030ca      0x874 ./ThirdParty/FreeRTOS/portable/GCC/ARM_CM4F/port.o
 .debug_line    0x0000393e      0x8be ./ThirdParty/FreeRTOS/portable/MemMang/heap_4.o

.debug_str      0x00000000    0x92e76
 .debug_str     0x00000000    0x87c1e ./Src/led.o
                              0x87da0 (size before relaxing)
 .debug_str     0x00087c1e     0x8552 ./Src/main.o
                              0x8fead (size before relaxing)
 .debug_str     0x00090170      0x157 ./Src/system_stm32f4xx.o
                              0x87e2a (size before relaxing)
 .debug_str     0x000902c7       0x3f ./Startup/startup_stm32f407vgtx.o
                                 0x75 (size before relaxing)
 .debug_str     0x00090306      0x253 ./ThirdParty/FreeRTOS/list.o
                               0xac67 (size before relaxing)
 .debug_str     0x00090559     0x1e9d ./ThirdParty/FreeRTOS/tasks.o
                               0xde09 (size before relaxing)
 .debug_str     0x000923f6      0x767 ./ThirdParty/FreeRTOS/portable/GCC/ARM_CM4F/port.o
                               0xaf9a (size before relaxing)
 .debug_str     0x00092b5d      0x319 ./ThirdParty/FreeRTOS/portable/MemMang/heap_4.o
                               0xc130 (size before relaxing)

.comment        0x00000000       0x43
 .comment       0x00000000       0x43 ./Src/led.o
                                 0x44 (size before relaxing)
 .comment       0x00000043       0x44 ./Src/main.o
 .comment       0x00000043       0x44 ./Src/system_stm32f4xx.o
 .comment       0x00000043       0x44 ./ThirdParty/FreeRTOS/list.o
 .comment       0x00000043       0x44 ./ThirdParty/FreeRTOS/tasks.o
 .comment       0x00000043       0x44 ./ThirdParty/FreeRTOS/portable/GCC/ARM_CM4F/port.o
 .comment       0x00000043       0x44 ./ThirdParty/FreeRTOS/portable/MemMang/heap_4.o

.debug_frame    0x00000000     0x104c
 .debug_frame   0x00000000       0xd4 ./Src/led.o
 .debug_frame   0x000000d4       0xb0 ./Src/main.o
 .debug_frame   0x00000184       0x84 ./Src/system_stm32f4xx.o
 .debug_frame   0x00000208       0xd8 ./ThirdParty/FreeRTOS/list.o
 .debug_frame   0x000002e0      0x768 ./ThirdParty/FreeRTOS/tasks.o
 .debug_frame   0x00000a48      0x1a8 ./ThirdParty/FreeRTOS/portable/GCC/ARM_CM4F/port.o
 .debug_frame   0x00000bf0      0x12c ./ThirdParty/FreeRTOS/portable/MemMang/heap_4.o
 .debug_frame   0x00000d1c      0x144 /opt/st/stm32cubeide_1.15.0/plugins/com.st.stm32cube.ide.mcu.externaltools.gnu-tools-for-stm32.12.3.rel1.linux64_1.0.100.202403111256/tools/bin/../lib/gcc/arm-none-eabi/12.3.1/../../../../arm-none-eabi/lib/thumb/v7e-m+fp/hard/libc_nano.a(libc_a-findfp.o)
 .debug_frame   0x00000e60       0x20 /opt/st/stm32cubeide_1.15.0/plugins/com.st.stm32cube.ide.mcu.externaltools.gnu-tools-for-stm32.12.3.rel1.linux64_1.0.100.202403111256/tools/bin/../lib/gcc/arm-none-eabi/12.3.1/../../../../arm-none-eabi/lib/thumb/v7e-m+fp/hard/libc_nano.a(libc_a-memset.o)
 .debug_frame   0x00000e80       0x38 /opt/st/stm32cubeide_1.15.0/plugins/com.st.stm32cube.ide.mcu.externaltools.gnu-tools-for-stm32.12.3.rel1.linux64_1.0.100.202403111256/tools/bin/../lib/gcc/arm-none-eabi/12.3.1/../../../../arm-none-eabi/lib/thumb/v7e-m+fp/hard/libc_nano.a(libc_a-reent.o)
 .debug_frame   0x00000eb8       0x2c /opt/st/stm32cubeide_1.15.0/plugins/com.st.stm32cube.ide.mcu.externaltools.gnu-tools-for-stm32.12.3.rel1.linux64_1.0.100.202403111256/tools/bin/../lib/gcc/arm-none-eabi/12.3.1/../../../../arm-none-eabi/lib/thumb/v7e-m+fp/hard/libc_nano.a(libc_a-init.o)
 .debug_frame   0x00000ee4       0xb0 /opt/st/stm32cubeide_1.15.0/plugins/com.st.stm32cube.ide.mcu.externaltools.gnu-tools-for-stm32.12.3.rel1.linux64_1.0.100.202403111256/tools/bin/../lib/gcc/arm-none-eabi/12.3.1/../../../../arm-none-eabi/lib/thumb/v7e-m+fp/hard/libc_nano.a(libc_a-lock.o)
 .debug_frame   0x00000f94       0x38 /opt/st/stm32cubeide_1.15.0/plugins/com.st.stm32cube.ide.mcu.externaltools.gnu-tools-for-stm32.12.3.rel1.linux64_1.0.100.202403111256/tools/bin/../lib/gcc/arm-none-eabi/12.3.1/../../../../arm-none-eabi/lib/thumb/v7e-m+fp/hard/libc_nano.a(libc_a-freer.o)
 .debug_frame   0x00000fcc       0x50 /opt/st/stm32cubeide_1.15.0/plugins/com.st.stm32cube.ide.mcu.externaltools.gnu-tools-for-stm32.12.3.rel1.linux64_1.0.100.202403111256/tools/bin/../lib/gcc/arm-none-eabi/12.3.1/../../../../arm-none-eabi/lib/thumb/v7e-m+fp/hard/libc_nano.a(libc_a-mallocr.o)
 .debug_frame   0x0000101c       0x30 /opt/st/stm32cubeide_1.15.0/plugins/com.st.stm32cube.ide.mcu.externaltools.gnu-tools-for-stm32.12.3.rel1.linux64_1.0.100.202403111256/tools/bin/../lib/gcc/arm-none-eabi/12.3.1/../../../../arm-none-eabi/lib/thumb/v7e-m+fp/hard/libc_nano.a(libc_a-mlock.o)

.debug_loclists
                0x00000000       0x1f
 .debug_loclists
                0x00000000       0x1f ./Src/system_stm32f4xx.o

.debug_line_str
                0x00000000       0x59
 .debug_line_str
                0x00000000       0x59 ./Startup/startup_stm32f407vgtx.o
